
> dev-portfolio@0.0.1 build
> next build

Γû▓ Next.js 16.1.7 (Turbopack)

  Creating an optimized production build ...
node.exe : Error: Cannot apply unknown utility class `border-border`
At line:1 char:1
+ & "C:\nvm4w\nodejs/node.exe" "C:\nvm4w\nodejs/node_modules/npm/bin/np ...
+ ~~~~~~~~~~~~~~~~~~~~~~~~~~~~~~~~~~~~~~~~~~~~~~~~~~~~~~~~~~~~~~~~~~~~~
    + CategoryInfo          : NotSpecified: (Error: Cannot a...`border-border`:String) [], RemoteException
    + FullyQualifiedErrorId : NativeCommandError
 
    [2m[at onInvalidCandidate (K:\dev-portfolio\node_modules\tailwindcss\dist\lib.js:21:1511)][0m
    [2m[at Ee (K:\dev-portfolio\node_modules\tailwindcss\dist\lib.js:16:37066)][0m
    [2m[at K:\dev-portfolio\node_modules\tailwindcss\dist\lib.js:21:355][0m
    [2m[at _r (K:\dev-portfolio\node_modules\tailwindcss\dist\lib.js:3:1733)][0m
    [2m[at I (K:\dev-portfolio\node_modules\tailwindcss\dist\lib.js:3:1377)][0m
    [2m[at Te (K:\dev-portfolio\node_modules\tailwindcss\dist\lib.js:21:172)][0m
    [2m[at mn (K:\dev-portfolio\node_modules\tailwindcss\dist\lib.js:38:294)][0m
    [2m[at async gn (K:\dev-portfolio\node_modules\tailwindcss\dist\lib.js:38:631)][0m
    [2m[at async Xr (K:\dev-portfolio\node_modules\@tailwindcss\node\dist\index.js:10:3416)][0m
    [2m[at async N (K:\dev-portfolio\node_modules\@tailwindcss\postcss\dist\index.js:10:3979)][0m

> Build error occurred
Error: Turbopack build failed with 1 errors:
./app/globals.css
Error evaluating Node.js code
CssSyntaxError: tailwindcss: K:\dev-portfolio\app\globals.css:1:1: Cannot apply unknown utility class `border-border`
    at Input.error (node_modules/postcss/lib/input.js:135:16) 
[K:\dev-portfolio\.next\build\chunks\node_modules_fe693df6._.js:4652:22]
    at Root.error (node_modules/postcss/lib/node.js:146:32) 
[K:\dev-portfolio\.next\build\chunks\node_modules_fe693df6._.js:928:38]
    [at Object.Once (K:\dev-portfolio\node_modules\@tailwindcss\postcss\dist\index.js:10:6913)]
    at async LazyResult.runAsync (node_modules/postcss/lib/lazy-result.js:293:11) 
[K:\dev-portfolio\.next\build\chunks\node_modules_fe693df6._.js:6215:21]
    at async transform (turbopack:///[turbopack-node]/transforms/postcss.ts:70:34) 
[K:\dev-portfolio\.next\build\chunks\[root-of-the-server]__51225daf._.js:146:36]
    at async run (turbopack:///[turbopack-node]/ipc/evaluate.ts:92:23) 
[K:\dev-portfolio\.next\build\chunks\[root-of-the-server]__974941ed._.js:443:31]

Import trace:
  Client Component Browser:
    ./app/globals.css [Client Component Browser]
    ./app/layout.tsx [Server Component]


    at async transform (turbopack:///[turbopack-node]/transforms/postcss.ts:70:34) 
[K:\dev-portfolio\.next\build\chunks\[root-of-the-server]__51225daf._.js:146:36])
    at async run (turbopack:///[turbopack-node]/ipc/evaluate.ts:92:23) 
[K:\dev-portfolio\.next\build\chunks\[root-of-the-server]__974941ed._.js:443:31])
